[themes.pixelwars.org/empathy/index.html]
[backblue.gif]
[fade.gif]
[index.html]
[use.typekit.net/esi3neq.js]
[themes.pixelwars.org/landing/images/site/logo.png]
[themes.pixelwars.org/landing/images/demos/empathy/01.png]
[themes.pixelwars.org/landing/images/demos/empathy/02.png]
[themes.pixelwars.org/landing/js/jquery-2.2.4.min.js]
[themes.pixelwars.org/landing/js/main.js]
[themes.pixelwars.org/empathy/index.html]
[themes.pixelwars.org/landing/https_/themes.pixelwars.org/landing/images/ico/apple-touch-icon.html]
[themes.pixelwars.org/landing/css/main.css]
[themes.pixelwars.org/empathy/demo/indexdf53.html]
[themes.pixelwars.org/empathy/demo/index.html]
[themes.pixelwars.org/empathy/demo/feed/index.html]
[themes.pixelwars.org/empathy/demo/comments/feed/index.html]
[themes.pixelwars.org/empathy/demo/wp-includes/js/jquery/jquery4a5f.js]
[themes.pixelwars.org/empathy/demo/wp-includes/js/jquery/jquery-migrate.min330a.js]
[themes.pixelwars.org/empathy/demo/wp-content/themes/empathy/js/modernizr.min.js]
[themes.pixelwars.org/empathy/demo/wp-json/index.html]
[themes.pixelwars.org/empathy/demo/xmlrpc0db0.php]
[themes.pixelwars.org/empathy/demo/wp-includes/wlwmanifest.xml]
[themes.pixelwars.org/empathy/demo/wp-json/oembed/1.0/embedb721.json]
[themes.pixelwars.org/empathy/demo/wp-json/oembed/1.0/embedbc4a]
[themes.pixelwars.org/empathy/demo/wp-content/uploads/2015/06/cropped-home-1-32x32.jpg]
[themes.pixelwars.org/empathy/demo/wp-content/uploads/2015/06/cropped-home-1-192x192.jpg]
[themes.pixelwars.org/empathy/demo/wp-content/uploads/2015/06/cropped-home-1-180x180.jpg]
[themes.pixelwars.org/empathy/demo/wp-content/uploads/2016/03/avatar.jpg]
[themes.pixelwars.org/empathy/demo/wp-content/uploads/2015/06/home-1.jpg]
[themes.pixelwars.org/empathy/wp-content/uploads/2014/04/icon-01.20.delayed]
[themes.pixelwars.org/empathy/wp-content/uploads/2014/04/icon-02.21.delayed]
[themes.pixelwars.org/empathy/wp-content/uploads/2014/04/icon-03.22.delayed]
[themes.pixelwars.org/empathy/wp-content/uploads/2014/04/icon-04.23.delayed]
[themes.pixelwars.org/empathy/demo/wp-content/uploads/2014/04/client-01.png]
[themes.pixelwars.org/empathy/demo/wp-content/uploads/2014/04/client-02.png]
[themes.pixelwars.org/empathy/demo/wp-content/uploads/2014/04/client-03.png]
[themes.pixelwars.org/empathy/demo/wp-content/uploads/2014/04/client-04.png]
[themes.pixelwars.org/empathy/demo/wp-content/uploads/2014/04/client-05.png]
[themes.pixelwars.org/empathy/demo/wp-content/uploads/2014/04/client-06.png]
[themes.pixelwars.org/empathy/demo/wp-content/uploads/2014/04/testo-01.jpg]
[themes.pixelwars.org/empathy/demo/wp-content/uploads/2014/04/testo-02.jpg]
[themes.pixelwars.org/empathy/demo/wp-content/uploads/2014/04/testo-03.jpg]
[themes.pixelwars.org/empathy/demo/wp-content/uploads/2015/07/01-500x375.jpg]
[themes.pixelwars.org/empathy/demo/wp-content/uploads/2015/07/091-500x375.jpg]
[themes.pixelwars.org/empathy/demo/wp-content/uploads/2015/07/051-500x375.jpg]
[themes.pixelwars.org/empathy/demo/wp-content/uploads/2015/07/022-500x375.jpg]
[themes.pixelwars.org/empathy/demo/wp-content/uploads/2015/07/032-500x375.jpg]
[themes.pixelwars.org/empathy/demo/wp-content/uploads/2015/07/08-500x375.jpg]
[themes.pixelwars.org/empathy/demo/wp-content/uploads/2015/07/lightbox-011.jpg]
[themes.pixelwars.org/empathy/demo/portfolio/bookcard/index.html]
[themes.pixelwars.org/empathy/demo/portfolio/photographer/index.html]
[themes.pixelwars.org/empathy/demo/wp-content/uploads/2015/07/lightbox-02.jpg]
[themes.pixelwars.org/empathy/demo/wp-content/uploads/2015/07/lightbox-03.jpg]
[themes.pixelwars.org/empathy/demo/portfolio/read/index.html]
[themes.pixelwars.org/empathy/demo/wp-content/uploads/2015/07/071-500x375.jpg]
[themes.pixelwars.org/empathy/demo/wp-content/uploads/2015/07/lightbox-01.jpg]
[themes.pixelwars.org/empathy/demo/wp-content/uploads/2015/07/042-500x375.jpg]
[themes.pixelwars.org/empathy/demo/wp-content/uploads/2015/07/061-500x375.jpg]
[themes.pixelwars.org/empathy/demo/wp-content/uploads/2015/07/011-500x331.jpg]
[themes.pixelwars.org/empathy/demo/portfolio/unique-design/index.html]
[themes.pixelwars.org/empathy/demo/wp-content/uploads/2015/07/01-2-500x334.jpg]
[themes.pixelwars.org/empathy/demo/love-is-a-strong-word/index.html]
[themes.pixelwars.org/empathy/demo/wp-content/uploads/2015/07/031-500x334.jpg]
[themes.pixelwars.org/empathy/demo/there-is-always-light-at-the-end-of-the-tunnel/index.html]
[themes.pixelwars.org/empathy/demo/wp-content/uploads/2015/07/07-500x500.jpg]
[themes.pixelwars.org/empathy/demo/get-your-bike-ready-for-the-summer/index.html]
[themes.pixelwars.org/empathy/demo/wp-content/uploads/2015/07/10-500x334.jpg]
[themes.pixelwars.org/empathy/demo/free-your-mind-for-a-better-life/index.html]
[themes.pixelwars.org/empathy/demo/wp-content/uploads/2015/07/05-500x334.jpg]
[themes.pixelwars.org/empathy/demo/wp-content/uploads/2015/07/041-500x334.jpg]
[themes.pixelwars.org/empathy/demo/wp-content/uploads/2015/07/06-500x500.jpg]
[themes.pixelwars.org/empathy/demo/surfing-is-a-lifestyle/index.html]
[themes.pixelwars.org/empathy/demo/becoming-a-dragonfly/index.html]
[themes.pixelwars.org/empathy/demo/nothing-like-morning-coffee/index.html]
[themes.pixelwars.org/empathy/demo/wp-content/uploads/2015/07/02-500x334.jpg]
[themes.pixelwars.org/empathy/demo/runaway-a-road-adventure/index.html]
[themes.pixelwars.org/empathy/demo/wp-content/themes/empathy/js/jquery.address-1.5.min.js]
[themes.pixelwars.org/empathy/demo/wp-content/themes/empathy/js/nprogress/nprogress.js]
[themes.pixelwars.org/empathy/demo/blog/index.html]
[themes.pixelwars.org/empathy/demo/wp-content/themes/empathy/js/fastclick.js]
[themes.pixelwars.org/empathy/demo/wp-content/themes/empathy/js/typist.js]
[themes.pixelwars.org/empathy/demo/wp-includes/js/imagesloaded.min55a0.js]
[themes.pixelwars.org/empathy/demo/wp-content/themes/empathy/js/jquery.isotope.min.js]
[themes.pixelwars.org/empathy/demo/wp-content/themes/empathy/js/jquery.fitvids.js]
[themes.pixelwars.org/empathy/demo/wp-content/themes/empathy/js/jquery.validate.min.js]
[themes.pixelwars.org/empathy/demo/wp-content/themes/empathy/js/jquery.uniform/jquery.uniform.min.js]
[themes.pixelwars.org/empathy/demo/wp-content/plugins/insta-gallery/assets/frontend/magnific-popup/jquery.magnific-popup.min7d47.js]
[themes.pixelwars.org/empathy/demo/wp-content/themes/empathy/js/socialstream.jquery.js]
[themes.pixelwars.org/empathy/demo/wp-content/themes/empathy/js/jarallax.min.js]
[themes.pixelwars.org/empathy/demo/wp-content/themes/empathy/js/jarallax-video.min.js]
[themes.pixelwars.org/empathy/demo/wp-content/themes/empathy/js/main.js]
[themes.pixelwars.org/empathy/demo/travelling-feels-like-you-are-alive/index.html]
[themes.pixelwars.org/empathy/demo/wp-content/themes/empathy/js/wp-fix.js]
[themes.pixelwars.org/empathy/demo/wp-includes/js/wp-embed.min7661.js]
[themes.pixelwars.org/empathy/demo/indexdf53.html]
[themes.pixelwars.org/empathy/demo/index.html]
[themes.pixelwars.org/empathy/demo/wp-includes/css/dist/block-library/style.min7661.css]
[themes.pixelwars.org/empathy/demo/wp-content/themes/empathy/css/bootstrap.min.css]
[themes.pixelwars.org/empathy/demo/wp-content/themes/empathy/css/fonts/pe-icon-7-stroke/fonts/Pe-icon-7-strokebb1d.eot]
[themes.pixelwars.org/empathy/demo/wp-content/themes/empathy/css/fonts/pe-icon-7-stroke/fonts/Pe-icon-7-stroked41d.eot]
[themes.pixelwars.org/empathy/demo/wp-content/themes/empathy/css/fonts/pe-icon-7-stroke/fonts/Pe-icon-7-strokebb1d.woff]
[themes.pixelwars.org/empathy/demo/wp-content/themes/empathy/css/fonts/pe-icon-7-stroke/fonts/Pe-icon-7-strokebb1d.ttf]
[themes.pixelwars.org/empathy/demo/wp-content/themes/empathy/css/fonts/pe-icon-7-stroke/css/pe-icon-7-stroke.css]
[themes.pixelwars.org/empathy/demo/wp-content/themes/empathy/css/fonts/fontello/font/fontellofa26.eot]
[themes.pixelwars.org/empathy/demo/wp-content/themes/empathy/css/fonts/fontello/font/fontellofa26.woff2]
[themes.pixelwars.org/empathy/demo/wp-content/themes/empathy/css/fonts/fontello/font/fontellofa26.woff]
[themes.pixelwars.org/empathy/demo/wp-content/themes/empathy/css/fonts/fontello/font/fontellofa26.ttf]
[themes.pixelwars.org/empathy/demo/wp-content/themes/empathy/css/fonts/fontello/css/fontello.css]
[themes.pixelwars.org/empathy/demo/wp-content/themes/empathy/js/nprogress/nprogress.css]
[themes.pixelwars.org/empathy/demo/wp-content/plugins/insta-gallery/assets/frontend/magnific-popup/magnific-popup.min7d47.css]
[themes.pixelwars.org/empathy/demo/wp-content/themes/empathy/js/jquery.uniform/uniform.default.css]
[themes.pixelwars.org/empathy/demo/wp-content/themes/empathy/css/animations.css]
[themes.pixelwars.org/empathy/demo/wp-content/themes/empathy/images/bckg/loading-light.5e.delayed]
[themes.pixelwars.org/empathy/demo/wp-content/themes/empathy/css/main.css]
[themes.pixelwars.org/empathy/demo/wp-content/themes/empathy/css/768.css]
[themes.pixelwars.org/empathy/demo/wp-content/themes/empathy/css/wp-fix.css]
[themes.pixelwars.org/empathy/demo/wp-content/themes/empathy/style.css]
[themes.pixelwars.org/empathy/wp-content/uploads/2014/04/icon-01.html]
[themes.pixelwars.org/empathy/wp-content/uploads/2014/04/icon-02.html]
[themes.pixelwars.org/empathy/wp-content/uploads/2014/04/icon-03.html]
[themes.pixelwars.org/empathy/wp-content/uploads/2014/04/icon-04.html]
[themes.pixelwars.org/empathy/404/index.html]
[themes.pixelwars.org/empathy/blog/index.html]
[themes.pixelwars.org/empathy/form-elements/index.html]
[themes.pixelwars.org/empathy/grid/index.html]
[themes.pixelwars.org/empathy/shortcodes/index.html]
[themes.pixelwars.org/empathy/typography/index.html]
[themes.pixelwars.org/empathy/demo/wp-json/oembed/1.0/embed58a6.json]
[themes.pixelwars.org/empathy/demo/wp-json/oembed/1.0/embed6525]
[themes.pixelwars.org/empathy/wp-content/uploads/2015/07/03.61.delayed]
[themes.pixelwars.org/empathy/wp-content/uploads/2015/07/04.62.delayed]
[themes.pixelwars.org/empathy/demo/portfolio/bookcard/index.html]
[themes.pixelwars.org/empathy/demo/wp-json/oembed/1.0/embedeb08.json]
[themes.pixelwars.org/empathy/demo/wp-json/oembed/1.0/embed96dd]
[themes.pixelwars.org/empathy/wp-content/uploads/2015/07/012.65.delayed]
[themes.pixelwars.org/empathy/wp-content/uploads/2015/07/021.66.delayed]
[themes.pixelwars.org/empathy/demo/portfolio/photographer/index.html]
[themes.pixelwars.org/empathy/demo/wp-json/oembed/1.0/embed6c11.json]
[themes.pixelwars.org/empathy/demo/portfolio/high-trend/index.html]
[themes.pixelwars.org/empathy/demo/wp-json/oembed/1.0/embed1cf7]
[themes.pixelwars.org/empathy/wp-content/uploads/2015/07/single-01.69.delayed]
[themes.pixelwars.org/empathy/demo/portfolio/read/index.html]
[themes.pixelwars.org/empathy/demo/portfolio/unique-design/index.html]
[themes.pixelwars.org/empathy/demo/love-is-a-strong-word/index.html]
[themes.pixelwars.org/empathy/demo/there-is-always-light-at-the-end-of-the-tunnel/index.html]
[themes.pixelwars.org/empathy/demo/get-your-bike-ready-for-the-summer/index.html]
[themes.pixelwars.org/empathy/demo/free-your-mind-for-a-better-life/index.html]
[themes.pixelwars.org/empathy/demo/surfing-is-a-lifestyle/index.html]
[themes.pixelwars.org/empathy/demo/nothing-like-morning-coffee/index.html]
[themes.pixelwars.org/empathy/demo/becoming-a-dragonfly/index.html]
[themes.pixelwars.org/empathy/demo/runaway-a-road-adventure/index.html]
[themes.pixelwars.org/empathy/demo/wp-json/oembed/1.0/embed06bc.json]
[themes.pixelwars.org/empathy/demo/scrap-surf/index.html]
[themes.pixelwars.org/empathy/demo/travelling-feels-like-you-are-alive/feed/index.html]
[themes.pixelwars.org/empathy/demo/wp-json/oembed/1.0/embed706c]
[themes.pixelwars.org/empathy/demo/wp-content/uploads/2015/07/02-1000x667.jpg]
[themes.pixelwars.org/empathy/demo/category/travel/index.html]
[themes.pixelwars.org/empathy/wp-content/uploads/2015/07/11.6d.delayed]
[themes.pixelwars.org/empathy/wp-content/uploads/2015/07/09.6f.delayed]
[themes.pixelwars.org/empathy/demo/wp-content/uploads/2015/07/011-500x333.jpg]
[themes.pixelwars.org/empathy/demo/wp-content/uploads/2015/07/05-500x333.jpg]
[themes.pixelwars.org/empathy/demo/wp-content/uploads/2015/07/041-500x333.jpg]
[themes.pixelwars.org/empathy/demo/category/adventure/index.html]
[themes.pixelwars.org/empathy/demo/category/sport/index.html]
[themes.pixelwars.org/empathy/demo/category/think/index.html]
[themes.pixelwars.org/empathy/demo/wp-includes/js/comment-reply.min7661.js]
[themes.pixelwars.org/empathy/demo/wp-content/plugins/insta-gallery/assets/frontend/js/qligg.min7d47.js]
[themes.pixelwars.org/empathy/demo/travelling-feels-like-you-are-alive/index.html]
[themes.pixelwars.org/empathy/demo/wp-content/themes/empathy/css/fonts/pe-icon-7-stroke/fonts/Pe-icon-7-strokebb1d.svg]
[themes.pixelwars.org/empathy/demo/wp-content/themes/empathy/css/fonts/fontello/font/fontellofa26.svg]
[themes.pixelwars.org/empathy/demo/wp-content/themes/empathy/js/jquery.magnific-popup/default-skin.svg]
[themes.pixelwars.org/empathy/demo/wp-content/themes/empathy/images/bckg/loading-light.html]
[themes.pixelwars.org/empathy/demo/index90b2.html]
[themes.pixelwars.org/empathy/wp-content/uploads/2015/07/03.html]
[themes.pixelwars.org/empathy/wp-content/uploads/2015/07/04.html]
[themes.pixelwars.org/empathy/demo/index672e.html]
[themes.pixelwars.org/empathy/wp-content/uploads/2015/07/012.html]
[themes.pixelwars.org/empathy/wp-content/uploads/2015/07/021.html]
[themes.pixelwars.org/empathy/demo/portfolio/crunch-light/index.html]
[themes.pixelwars.org/empathy/demo/blog/index.html]
[themes.pixelwars.org/empathy/demo/wp-json/oembed/1.0/embeda4a9.json]
[themes.pixelwars.org/empathy/demo/wp-json/oembed/1.0/embed5a5b]
[themes.pixelwars.org/empathy/demo/portfolio/high-trend/index.html]
[themes.pixelwars.org/empathy/demo/indexb8c6.html]
[themes.pixelwars.org/empathy/wp-content/uploads/2015/07/single-01.html]
[themes.pixelwars.org/empathy/demo/wp-json/oembed/1.0/embeda391.json]
[themes.pixelwars.org/empathy/demo/portfolio/pixelwars/index.html]
[themes.pixelwars.org/empathy/demo/wp-json/oembed/1.0/embed0002]
[themes.pixelwars.org/empathy/demo/portfolio/unique-design/index.html]
[themes.pixelwars.org/empathy/demo/wp-json/oembed/1.0/embedc9a4.json]
[themes.pixelwars.org/empathy/demo/love-is-a-strong-word/feed/index.html]
[themes.pixelwars.org/empathy/demo/wp-json/oembed/1.0/embedb5ae]
[themes.pixelwars.org/empathy/demo/wp-content/uploads/2015/07/011.jpg]
[themes.pixelwars.org/empathy/demo/wp-content/uploads/2015/07/06-500x333.jpg]
[themes.pixelwars.org/empathy/demo/love-is-a-strong-word/index.html]
[themes.pixelwars.org/empathy/demo/tag/love/index.html]
[themes.pixelwars.org/empathy/demo/wp-json/oembed/1.0/embede60d.json]
[themes.pixelwars.org/empathy/demo/love-is-a-strong-word/index41b7.html]
[themes.pixelwars.org/empathy/demo/love-is-a-strong-word/index267f.html]
[themes.pixelwars.org/empathy/demo/love-is-a-strong-word/index94a5.html]
[themes.pixelwars.org/empathy/demo/wp-json/oembed/1.0/embedc08a]
[themes.pixelwars.org/empathy/demo/love-is-a-strong-word/indexfc06.html]
[themes.pixelwars.org/empathy/demo/there-is-always-light-at-the-end-of-the-tunnel/feed/index.html]
[themes.pixelwars.org/empathy/demo/wp-content/uploads/2015/07/01-2-1000x667.jpg]
[themes.pixelwars.org/empathy/demo/wp-content/uploads/2015/07/07-500x333.jpg]
[themes.pixelwars.org/empathy/demo/there-is-always-light-at-the-end-of-the-tunnel/index.html]
[themes.pixelwars.org/empathy/demo/tag/hope/index.html]
[themes.pixelwars.org/empathy/demo/post-format-quote/index.html]
[themes.pixelwars.org/empathy/demo/wp-json/oembed/1.0/embed74fe.json]
[themes.pixelwars.org/empathy/demo/aside-post-format/index.html]
[themes.pixelwars.org/empathy/demo/get-your-bike-ready-for-the-summer/feed/index.html]
[themes.pixelwars.org/empathy/demo/wp-json/oembed/1.0/embed709d]
[themes.pixelwars.org/empathy/demo/wp-content/uploads/2015/07/031-1000x667.jpg]
[themes.pixelwars.org/empathy/demo/get-your-bike-ready-for-the-summer/index.html]
[themes.pixelwars.org/empathy/demo/tag/bike/index.html]
[themes.pixelwars.org/empathy/demo/wp-json/oembed/1.0/embed7e08.json]
[themes.pixelwars.org/empathy/demo/tag/ready/index.html]
[themes.pixelwars.org/empathy/demo/free-your-mind-for-a-better-life/feed/index.html]
[themes.pixelwars.org/empathy/demo/wp-json/oembed/1.0/embed548d]
[themes.pixelwars.org/empathy/demo/wp-content/uploads/2015/07/07-1000x1000.jpg]
[themes.pixelwars.org/empathy/demo/wp-content/uploads/2015/07/01-2-500x333.jpg]
[themes.pixelwars.org/empathy/demo/free-your-mind-for-a-better-life/index.html]
[themes.pixelwars.org/empathy/demo/wp-json/oembed/1.0/embed3d4a.json]
[themes.pixelwars.org/empathy/demo/nothing-like-morning-coffee/feed/index.html]
[themes.pixelwars.org/empathy/demo/wp-json/oembed/1.0/embed113d]
[themes.pixelwars.org/empathy/demo/wp-content/uploads/2015/07/10-1000x667.jpg]
[themes.pixelwars.org/empathy/demo/nothing-like-morning-coffee/index.html]
[themes.pixelwars.org/empathy/demo/tag/coffee/index.html]
[themes.pixelwars.org/empathy/demo/wp-json/oembed/1.0/embed.8cef64.delayed]
[themes.pixelwars.org/empathy/demo/tag/morning/index.html]
[themes.pixelwars.org/empathy/demo/finding-perfect-spot-for-surfing/index.html]
[themes.pixelwars.org/empathy/demo/becoming-a-dragonfly/feed/index.html]
[themes.pixelwars.org/empathy/demo/wp-json/oembed/1.0/embed8955]
[themes.pixelwars.org/empathy/demo/wp-content/uploads/2015/07/05-1000x667.jpg]
[themes.pixelwars.org/empathy/demo/becoming-a-dragonfly/index.html]
[themes.pixelwars.org/empathy/demo/tag/open-mind/index.html]
[themes.pixelwars.org/empathy/demo/tag/think/index.html]
[themes.pixelwars.org/empathy/demo/wp-json/oembed/1.0/embed9aba.json]
[themes.pixelwars.org/empathy/demo/surfing-is-a-lifestyle/feed/index.html]
[themes.pixelwars.org/empathy/demo/wp-json/oembed/1.0/embeda0bc]
[themes.pixelwars.org/empathy/demo/wp-content/uploads/2015/07/041-1000x667.jpg]
[themes.pixelwars.org/empathy/demo/wp-content/uploads/2015/07/10-500x333.jpg]
[themes.pixelwars.org/empathy/demo/surfing-is-a-lifestyle/index.html]
[themes.pixelwars.org/empathy/demo/tag/sea/index.html]
[themes.pixelwars.org/empathy/demo/tag/sport/index.html]
[themes.pixelwars.org/empathy/demo/tag/surfing/index.html]
[themes.pixelwars.org/empathy/demo/wp-json/oembed/1.0/embede0a8.json]
[themes.pixelwars.org/empathy/demo/runaway-a-road-adventure/feed/index.html]
[themes.pixelwars.org/empathy/demo/wp-json/oembed/1.0/embedd5d8]
[themes.pixelwars.org/empathy/demo/wp-content/uploads/2015/07/06-1000x1000.jpg]
[themes.pixelwars.org/empathy/demo/runaway-a-road-adventure/index.html]
[themes.pixelwars.org/empathy/demo/wp-json/oembed/1.0/embed62c1.json]
[themes.pixelwars.org/empathy/demo/tag/travel/index.html]
[themes.pixelwars.org/empathy/demo/tag/trip/index.html]
[themes.pixelwars.org/empathy/demo/scrap-surf/feed/index.html]
[themes.pixelwars.org/empathy/demo/wp-json/oembed/1.0/embed4a79]
[themes.pixelwars.org/empathy/demo/wp-content/uploads/2015/07/031-500x333.jpg]
[themes.pixelwars.org/empathy/demo/scrap-surf/index.html]
[themes.pixelwars.org/empathy/demo/index76f0.html]
[themes.pixelwars.org/empathy/demo/category/travel/index.html]
[themes.pixelwars.org/empathy/demo/tag/ocean/index.html]
[themes.pixelwars.org/empathy/wp-content/uploads/2015/07/11.html]
[themes.pixelwars.org/empathy/wp-content/uploads/2015/07/09.html]
[themes.pixelwars.org/empathy/demo/tag/surf/index.html]
[themes.pixelwars.org/empathy/demo/category/travel/feed/index.html]
[themes.pixelwars.org/empathy/demo/wp-content/uploads/2015/07/06.jpg]
[themes.pixelwars.org/empathy/demo/category/adventure/feed/index.html]
[themes.pixelwars.org/empathy/demo/wp-content/uploads/2015/07/05.jpg]
[themes.pixelwars.org/empathy/demo/wp-content/uploads/2015/07/slide-01-big.jpg]
[themes.pixelwars.org/empathy/demo/wp-content/uploads/2015/07/slide-01-big-1024x683.jpg]
[themes.pixelwars.org/empathy/demo/wp-content/uploads/2015/07/slide-02-big.jpg]
[themes.pixelwars.org/empathy/demo/wp-content/uploads/2015/07/slide-02-big-1024x683.jpg]
[themes.pixelwars.org/empathy/demo/wp-content/uploads/2015/07/07.jpg]
[themes.pixelwars.org/empathy/demo/wp-content/uploads/2015/07/slide-03-big.jpg]
[themes.pixelwars.org/empathy/demo/wp-content/uploads/2015/07/slide-03-big-1024x683.jpg]
[themes.pixelwars.org/empathy/demo/category/adventure/index.html]
[themes.pixelwars.org/empathy/demo/category/sport/index.html]
[themes.pixelwars.org/empathy/demo/category/think/index.html]
[themes.pixelwars.org/empathy/demo/wp-content/plugins/insta-gallery/assets/frontend/css/qligg.min7d47.css]
[themes.pixelwars.org/empathy/demo/category/sport/feed/index.html]
[themes.pixelwars.org/empathy/demo/category/think/feed/index.html]
[themes.pixelwars.org/empathy/demo/status-post/index.html]
[themes.pixelwars.org/empathy/demo/blog/index.html]
[themes.pixelwars.org/empathy/demo/funny-conversation/index.html]
[themes.pixelwars.org/empathy/demo/format-link/index.html]
[themes.pixelwars.org/empathy/demo/alice-on-the-roof/index.html]
[themes.pixelwars.org/empathy/demo/blog/page/2/index.html]
[themes.pixelwars.org/empathy/demo/wp-json/oembed/1.0/embed3725.json]
[themes.pixelwars.org/empathy/demo/portfolio/sun-bath/index.html]
[themes.pixelwars.org/empathy/demo/wp-json/oembed/1.0/embed51fc]
[themes.pixelwars.org/empathy/demo/portfolio/crunch-light/index.html]
[themes.pixelwars.org/empathy/demo/index9d87.html]
[themes.pixelwars.org/empathy/demo/wp-json/oembed/1.0/embedde6d.json]
[themes.pixelwars.org/empathy/demo/portfolio/curious-neighbour/index.html]
[themes.pixelwars.org/empathy/demo/wp-json/oembed/1.0/embed57ca]
[themes.pixelwars.org/empathy/demo/wp-content/uploads/2015/07/042.jpg]
[themes.pixelwars.org/empathy/demo/portfolio/pixelwars/index.html]
[themes.pixelwars.org/empathy/demo/index5442.html]
[themes.pixelwars.org/empathy/demo/indexe8d3.html]
[themes.pixelwars.org/empathy/demo/tag/love/index.html]
[themes.pixelwars.org/empathy/demo/love-is-a-strong-word/index267f.html]
[themes.pixelwars.org/empathy/demo/love-is-a-strong-word/index41b7.html]
[themes.pixelwars.org/empathy/demo/love-is-a-strong-word/index94a5.html]
[themes.pixelwars.org/empathy/demo/love-is-a-strong-word/indexfc06.html]
[themes.pixelwars.org/empathy/demo/indexf1ac.html]
[themes.pixelwars.org/empathy/demo/tag/hope/index.html]
[themes.pixelwars.org/empathy/demo/tag/love/feed/index.html]
[themes.pixelwars.org/empathy/demo/wp-json/oembed/1.0/embed2c58.json]
[themes.pixelwars.org/empathy/demo/tag/hope/feed/index.html]
[themes.pixelwars.org/empathy/demo/post-format-quote/feed/index.html]
[themes.pixelwars.org/empathy/demo/wp-json/oembed/1.0/embed8f8f]
[themes.pixelwars.org/empathy/demo/post-format-quote/index.html]
[themes.pixelwars.org/empathy/demo/wp-json/oembed/1.0/embedc5ff.json]
[themes.pixelwars.org/empathy/demo/aside-post-format/feed/index.html]
[themes.pixelwars.org/empathy/demo/wp-json/oembed/1.0/embed1298]
[themes.pixelwars.org/empathy/demo/aside-post-format/index.html]
[themes.pixelwars.org/empathy/demo/index802e.html]
[themes.pixelwars.org/empathy/demo/tag/bike/index.html]
[themes.pixelwars.org/empathy/demo/tag/ready/index.html]
[themes.pixelwars.org/empathy/demo/index3922.html]
[themes.pixelwars.org/empathy/demo/index12d0.html]
[themes.pixelwars.org/empathy/demo/tag/coffee/index.html]
[themes.pixelwars.org/empathy/demo/tag/morning/index.html]
[themes.pixelwars.org/empathy/demo/tag/ready/feed/index.html]
[themes.pixelwars.org/empathy/demo/tag/coffee/feed/index.html]
[themes.pixelwars.org/empathy/demo/tag/bike/feed/index.html]
[themes.pixelwars.org/empathy/demo/tag/morning/feed/index.html]
[themes.pixelwars.org/empathy/demo/wp-json/oembed/1.0/embed3316.json]
[themes.pixelwars.org/empathy/demo/finding-perfect-spot-for-surfing/feed/index.html]
[themes.pixelwars.org/empathy/demo/wp-json/oembed/1.0/embedc3d2]
[themes.pixelwars.org/empathy/demo/finding-perfect-spot-for-surfing/index.html]
[themes.pixelwars.org/empathy/demo/index55d4.html]
[themes.pixelwars.org/empathy/demo/tag/open-mind/index.html]
[themes.pixelwars.org/empathy/demo/tag/think/index.html]
[themes.pixelwars.org/empathy/demo/index0364.html]
[themes.pixelwars.org/empathy/demo/tag/sea/index.html]
[themes.pixelwars.org/empathy/demo/tag/sport/index.html]
[themes.pixelwars.org/empathy/demo/tag/think/feed/index.html]
[themes.pixelwars.org/empathy/demo/tag/open-mind/feed/index.html]
[themes.pixelwars.org/empathy/demo/tag/sea/feed/index.html]
[themes.pixelwars.org/empathy/demo/tag/sport/feed/index.html]
[themes.pixelwars.org/empathy/demo/tag/surfing/index.html]
[themes.pixelwars.org/empathy/demo/index17f1.html]
[themes.pixelwars.org/empathy/demo/tag/travel/index.html]
[themes.pixelwars.org/empathy/demo/tag/trip/index.html]
[themes.pixelwars.org/empathy/demo/index42a9.html]
[themes.pixelwars.org/empathy/demo/tag/ocean/index.html]
[themes.pixelwars.org/empathy/demo/tag/surfing/feed/index.html]
[themes.pixelwars.org/empathy/demo/tag/trip/feed/index.html]
[themes.pixelwars.org/empathy/demo/tag/travel/feed/index.html]
[themes.pixelwars.org/empathy/demo/tag/surf/index.html]
[themes.pixelwars.org/empathy/demo/tag/ocean/feed/index.html]
[themes.pixelwars.org/empathy/demo/tag/surf/feed/index.html]
[themes.pixelwars.org/empathy/demo/wp-json/oembed/1.0/embedce95.json]
[themes.pixelwars.org/empathy/demo/status-post/feed/index.html]
[themes.pixelwars.org/empathy/demo/wp-json/oembed/1.0/embedec5f]
[themes.pixelwars.org/empathy/demo/status-post/index.html]
[themes.pixelwars.org/empathy/demo/wp-json/oembed/1.0/embed3c74.json]
[themes.pixelwars.org/empathy/demo/funny-conversation/feed/index.html]
[themes.pixelwars.org/empathy/demo/wp-json/oembed/1.0/embed2949]
[themes.pixelwars.org/empathy/demo/funny-conversation/index.html]
[themes.pixelwars.org/empathy/demo/wp-json/oembed/1.0/embed5d4e.json]
[themes.pixelwars.org/empathy/demo/format-link/feed/index.html]
[themes.pixelwars.org/empathy/demo/wp-json/oembed/1.0/embedadd9]
[themes.pixelwars.org/empathy/demo/format-link/index.html]
[themes.pixelwars.org/empathy/demo/wp-json/oembed/1.0/embedbb98.json]
[themes.pixelwars.org/empathy/demo/alice-on-the-roof/feed/index.html]
[themes.pixelwars.org/empathy/demo/wp-json/oembed/1.0/embed6a5e]
[themes.pixelwars.org/empathy/demo/alice-on-the-roof/index.html]
[themes.pixelwars.org/empathy/demo/blog/page/2/index.html]
[themes.pixelwars.org/empathy/demo/wp-json/oembed/1.0/embed55da.json]
[themes.pixelwars.org/empathy/demo/tag/music/index.html]
[themes.pixelwars.org/empathy/demo/tag/sound/index.html]
[themes.pixelwars.org/empathy/demo/wp-json/oembed/1.0/embed27fc]
[themes.pixelwars.org/empathy/demo/portfolio/sun-bath/index.html]
[themes.pixelwars.org/empathy/demo/index17d3.html]
[themes.pixelwars.org/empathy/demo/wp-json/oembed/1.0/embed4cd8.json]
[themes.pixelwars.org/empathy/demo/wp-json/oembed/1.0/embed21bb]
[themes.pixelwars.org/empathy/demo/portfolio/curious-neighbour/index.html]
[themes.pixelwars.org/empathy/demo/indexecc4.html]
[themes.pixelwars.org/empathy/demo/index43fc.html]
[themes.pixelwars.org/empathy/demo/index40e6.html]
[themes.pixelwars.org/empathy/demo/index51fe.html]
[themes.pixelwars.org/empathy/demo/indexd8bc.html]
[themes.pixelwars.org/empathy/demo/index2e64.html]
[themes.pixelwars.org/empathy/demo/index2d8c.html]
[themes.pixelwars.org/empathy/demo/indexead8.html]
[themes.pixelwars.org/empathy/demo/tag/music/index.html]
[themes.pixelwars.org/empathy/demo/tag/sound/index.html]
[themes.pixelwars.org/empathy/demo/indexa942.html]
[themes.pixelwars.org/empathy/demo/index007a.html]
[themes.pixelwars.org/empathy/demo/tag/music/feed/index.html]
[themes.pixelwars.org/empathy/demo/tag/sound/feed/index.html]
